[linear_now] full seed 0: test rmse 20.84 nasa 1256 (0s)
[linear_now] n=10: val 22.33 gap 1.83 test 21.11 (0s)
[linear_now] n=25: val 22.62 gap 2.46 test 20.51 (0s)
[linear_now] n=50: val 22.04 gap 1.41 test 20.75 (0s)
[linear_now] n=80: val 22.07 gap 1.17 test 20.70 (1s)
[linear_window] full seed 0: test rmse 15.30 nasa 422 (2s)
[linear_window] n=10: val 19.35 gap 5.24 test 16.15 (3s)
[linear_window] n=25: val 17.94 gap 3.41 test 15.69 (5s)
[linear_window] n=50: val 17.03 gap 1.58 test 15.48 (10s)
[linear_window] n=80: val 16.83 gap 1.26 test 15.17 (11s)
[lstm] full seed 0: test rmse 14.35 nasa 517 (35s)
[lstm] full seed 1: test rmse 13.82 nasa 368 (69s)
[lstm] full seed 2: test rmse 14.99 nasa 400 (142s)
[lstm] n=10: val 23.32 gap 11.34 test 21.92 (199s)
[lstm] n=25: val 18.71 gap 7.93 test 16.77 (351s)
[lstm] n=50: val 16.12 gap 4.25 test 15.95 (486s)
[lstm] n=80: val 14.65 gap 2.90 test 14.75 (515s)
[gru] full seed 0: test rmse 14.38 nasa 591 (34s)
[gru] full seed 1: test rmse 14.19 nasa 398 (69s)
[gru] full seed 2: test rmse 16.10 nasa 619 (164s)
[gru] n=10: val 20.84 gap 9.05 test 20.42 (236s)
[gru] n=25: val 18.01 gap 8.29 test 16.21 (308s)
[gru] n=50: val 15.26 gap 4.04 test 14.80 (436s)
[gru] n=80: val 14.92 gap 3.31 test 13.55 (554s)
[cnn] full seed 0: test rmse 18.29 nasa 647 (387s)
[cnn] full seed 1: test rmse 19.47 nasa 891 (518s)
[cnn] full seed 2: test rmse 18.78 nasa 771 (662s)
[cnn] n=10: val 34.00 gap 12.02 test 29.77 (841s)
[cnn] n=25: val 25.41 gap 9.30 test 22.63 (1257s)
[cnn] n=50: val 21.67 gap 6.77 test 21.11 (1602s)
[cnn] n=80: val 23.30 gap 2.44 test 21.99 (1629s)
