=== 00:49:56 M2 connectome
[FD001_m2_connectome_rho1.2_s0] trainable params 40,296 (types 14,356, input weights 9,453, readout 2129) on mps
[FD001_m2_connectome_rho1.2_s0] train windows 1750, val windows 449, test engines 100
  ep 1 batch 10/28 loss 1696.3 (51s, ETA this epoch 92s)
  ep 1 batch 20/28 loss 836.1 (104s, ETA this epoch 42s)
[FD001_m2_connectome_rho1.2_s0] epoch 1: train 33.00 val 25.59 gain 1.059 (150s)
  ep 2 batch 10/28 loss 600.1 (200s, ETA this epoch 95s)
  ep 2 batch 20/28 loss 556.7 (249s, ETA this epoch 42s)
[FD001_m2_connectome_rho1.2_s0] epoch 2: train 23.54 val 23.70 gain 1.051 (293s)
  ep 3 batch 10/28 loss 486.0 (343s, ETA this epoch 93s)
  ep 3 batch 20/28 loss 543.2 (392s, ETA this epoch 41s)
[FD001_m2_connectome_rho1.2_s0] epoch 3: train 22.83 val 23.82 gain 1.054 (435s)
  ep 4 batch 10/28 loss 509.3 (486s, ETA this epoch 93s)
  ep 4 batch 20/28 loss 479.5 (541s, ETA this epoch 42s)
[FD001_m2_connectome_rho1.2_s0] epoch 4: train 22.30 val 22.89 gain 1.058 (584s)
  ep 5 batch 10/28 loss 498.3 (633s, ETA this epoch 93s)
  ep 5 batch 20/28 loss 454.7 (682s, ETA this epoch 41s)
[FD001_m2_connectome_rho1.2_s0] epoch 5: train 21.91 val 22.49 gain 1.063 (725s)
  ep 6 batch 10/28 loss 456.1 (774s, ETA this epoch 93s)
  ep 6 batch 20/28 loss 464.8 (824s, ETA this epoch 41s)
[FD001_m2_connectome_rho1.2_s0] epoch 6: train 21.42 val 22.03 gain 1.068 (866s)
  ep 7 batch 10/28 loss 465.1 (916s, ETA this epoch 93s)
  ep 7 batch 20/28 loss 432.2 (965s, ETA this epoch 41s)
[FD001_m2_connectome_rho1.2_s0] epoch 7: train 21.24 val 21.99 gain 1.075 (1007s)
  ep 8 batch 10/28 loss 465.8 (1057s, ETA this epoch 92s)
  ep 8 batch 20/28 loss 422.8 (1106s, ETA this epoch 41s)
[FD001_m2_connectome_rho1.2_s0] epoch 8: train 20.80 val 22.07 gain 1.084 (1149s)
[FD001_m2_connectome_rho1.2_s0] TEST rmse 22.11 nasa 2354 (val 21.99, train 20.51) total 1163s
=== 01:09:22 M2 random
[FD001_m2_random_rho1.2_s0] trainable params 40,296 (types 14,356, input weights 9,453, readout 2129) on mps
[FD001_m2_random_rho1.2_s0] train windows 1750, val windows 449, test engines 100
  ep 1 batch 10/28 loss 1035.4 (59s, ETA this epoch 106s)
  ep 1 batch 20/28 loss 638.7 (118s, ETA this epoch 47s)
[FD001_m2_random_rho1.2_s0] epoch 1: train 27.50 val 24.81 gain 0.975 (169s)
  ep 2 batch 10/28 loss 534.9 (228s, ETA this epoch 108s)
  ep 2 batch 20/28 loss 541.0 (286s, ETA this epoch 48s)
[FD001_m2_random_rho1.2_s0] epoch 2: train 22.86 val 23.46 gain 0.972 (337s)
  ep 3 batch 10/28 loss 461.3 (396s, ETA this epoch 108s)
  ep 3 batch 20/28 loss 534.3 (455s, ETA this epoch 48s)
[FD001_m2_random_rho1.2_s0] epoch 3: train 22.43 val 22.56 gain 0.972 (506s)
  ep 4 batch 10/28 loss 469.5 (565s, ETA this epoch 108s)
  ep 4 batch 20/28 loss 447.8 (624s, ETA this epoch 48s)
[FD001_m2_random_rho1.2_s0] epoch 4: train 21.43 val 22.09 gain 0.979 (675s)
  ep 5 batch 10/28 loss 460.7 (733s, ETA this epoch 108s)
  ep 5 batch 20/28 loss 431.9 (792s, ETA this epoch 48s)
[FD001_m2_random_rho1.2_s0] epoch 5: train 20.81 val 21.35 gain 0.985 (843s)
  ep 6 batch 10/28 loss 417.0 (902s, ETA this epoch 108s)
  ep 6 batch 20/28 loss 389.1 (961s, ETA this epoch 48s)
[FD001_m2_random_rho1.2_s0] epoch 6: train 19.61 val 21.88 gain 1.001 (1012s)
  ep 7 batch 10/28 loss 370.4 (1070s, ETA this epoch 108s)
  ep 7 batch 20/28 loss 321.0 (1129s, ETA this epoch 48s)
[FD001_m2_random_rho1.2_s0] epoch 7: train 18.74 val 18.62 gain 1.019 (1180s)
  ep 8 batch 10/28 loss 371.8 (1239s, ETA this epoch 108s)
  ep 8 batch 20/28 loss 307.1 (1298s, ETA this epoch 48s)
[FD001_m2_random_rho1.2_s0] epoch 8: train 18.27 val 18.52 gain 1.032 (1349s)
[FD001_m2_random_rho1.2_s0] TEST rmse 20.73 nasa 1236 (val 18.52, train 18.39) total 1368s
=== 01:32:12 regqa stage2 connectome
[stage2_connectome_rho1.2_s0] trainable params 30,843 on mps
  ep 1 batch 20/146 loss 2.079 (24s, ETA this epoch 153s)
  ep 1 batch 40/146 loss 2.077 (48s, ETA this epoch 128s)
  ep 1 batch 60/146 loss 2.073 (73s, ETA this epoch 104s)
  ep 1 batch 80/146 loss 2.062 (97s, ETA this epoch 80s)
  ep 1 batch 100/146 loss 2.039 (121s, ETA this epoch 56s)
  ep 1 batch 120/146 loss 2.000 (145s, ETA this epoch 31s)
  ep 1 batch 140/146 loss 1.916 (169s, ETA this epoch 7s)
[stage2_connectome_rho1.2_s0] epoch 1: loss 2.028 val MRR only 0.761 comb 0.850 (λ=0.01) (183s)
  ep 2 batch 20/146 loss 1.659 (207s, ETA this epoch 157s)
  ep 2 batch 40/146 loss 1.401 (231s, ETA this epoch 132s)
  ep 2 batch 60/146 loss 1.242 (256s, ETA this epoch 107s)
  ep 2 batch 80/146 loss 0.990 (280s, ETA this epoch 82s)
  ep 2 batch 100/146 loss 0.867 (304s, ETA this epoch 57s)
  ep 2 batch 120/146 loss 0.877 (328s, ETA this epoch 32s)
  ep 2 batch 140/146 loss 0.855 (352s, ETA this epoch 7s)
[stage2_connectome_rho1.2_s0] epoch 2: loss 1.128 val MRR only 0.801 comb 0.852 (λ=0.02) (366s)
  ep 3 batch 20/146 loss 0.749 (390s, ETA this epoch 158s)
  ep 3 batch 40/146 loss 0.872 (414s, ETA this epoch 132s)
  ep 3 batch 60/146 loss 0.756 (438s, ETA this epoch 107s)
  ep 3 batch 80/146 loss 0.723 (463s, ETA this epoch 82s)
  ep 3 batch 100/146 loss 0.673 (487s, ETA this epoch 57s)
  ep 3 batch 120/146 loss 0.680 (511s, ETA this epoch 32s)
  ep 3 batch 140/146 loss 0.864 (535s, ETA this epoch 7s)
[stage2_connectome_rho1.2_s0] epoch 3: loss 0.758 val MRR only 0.822 comb 0.850 (λ=0.02) (549s)
  ep 4 batch 20/146 loss 0.578 (573s, ETA this epoch 158s)
  ep 4 batch 40/146 loss 0.862 (597s, ETA this epoch 132s)
  ep 4 batch 60/146 loss 0.614 (621s, ETA this epoch 107s)
  ep 4 batch 80/146 loss 0.741 (646s, ETA this epoch 82s)
  ep 4 batch 100/146 loss 0.662 (670s, ETA this epoch 57s)
  ep 4 batch 120/146 loss 0.710 (694s, ETA this epoch 32s)
  ep 4 batch 140/146 loss 0.710 (718s, ETA this epoch 7s)
[stage2_connectome_rho1.2_s0] epoch 4: loss 0.709 val MRR only 0.830 comb 0.850 (λ=0.0) (732s)
  ep 5 batch 20/146 loss 0.702 (756s, ETA this epoch 158s)
  ep 5 batch 40/146 loss 0.639 (780s, ETA this epoch 133s)
  ep 5 batch 60/146 loss 0.765 (804s, ETA this epoch 107s)
  ep 5 batch 80/146 loss 0.789 (828s, ETA this epoch 82s)
  ep 5 batch 100/146 loss 0.654 (852s, ETA this epoch 57s)
  ep 5 batch 120/146 loss 0.559 (877s, ETA this epoch 32s)
  ep 5 batch 140/146 loss 0.672 (901s, ETA this epoch 7s)
[stage2_connectome_rho1.2_s0] epoch 5: loss 0.686 val MRR only 0.830 comb 0.850 (λ=0.0) (915s)
  ep 6 batch 20/146 loss 0.690 (939s, ETA this epoch 158s)
  ep 6 batch 40/146 loss 0.747 (963s, ETA this epoch 133s)
  ep 6 batch 60/146 loss 0.765 (987s, ETA this epoch 107s)
  ep 6 batch 80/146 loss 0.635 (1011s, ETA this epoch 82s)
  ep 6 batch 100/146 loss 0.563 (1035s, ETA this epoch 57s)
  ep 6 batch 120/146 loss 0.777 (1059s, ETA this epoch 32s)
  ep 6 batch 140/146 loss 0.639 (1084s, ETA this epoch 7s)
[stage2_connectome_rho1.2_s0] epoch 6: loss 0.673 val MRR only 0.829 comb 0.850 (λ=0.02) (1097s)
[stage2_connectome_rho1.2_s0] only: L1: R@1 0.81 R@5 0.96 MRR 0.88 | L2: R@1 0.48 R@5 0.84 MRR 0.64 | L3: R@1 0.67 R@5 1.00 MRR 0.80 | L4: R@1 0.67 R@5 1.00 MRR 0.81 전부@5 0.60 | L5a: R@1 0.80 R@5 1.00 MRR 0.87 | ALL: R@1 0.67 R@5 0.95 MRR 0.79
[stage2_connectome_rho1.2_s0] comb: L1: R@1 0.89 R@5 1.00 MRR 0.93 | L2: R@1 0.80 R@5 0.92 MRR 0.83 | L3: R@1 0.80 R@5 1.00 MRR 0.89 | L4: R@1 0.93 R@5 1.00 MRR 0.95 전부@5 0.73 | L5a: R@1 0.80 R@5 1.00 MRR 0.90 | ALL: R@1 0.85 R@5 0.98 MRR 0.90
=== 01:50:38 regqa stage2 random
[stage2_random_rho1.2_s0] trainable params 30,843 on mps
  ep 1 batch 20/146 loss 1.426 (29s, ETA this epoch 182s)
  ep 1 batch 40/146 loss 0.687 (58s, ETA this epoch 153s)
  ep 1 batch 60/146 loss 0.831 (86s, ETA this epoch 124s)
  ep 1 batch 80/146 loss 0.677 (115s, ETA this epoch 95s)
  ep 1 batch 100/146 loss 0.623 (144s, ETA this epoch 66s)
  ep 1 batch 120/146 loss 0.543 (173s, ETA this epoch 37s)
  ep 1 batch 140/146 loss 0.486 (201s, ETA this epoch 9s)
[stage2_random_rho1.2_s0] epoch 1: loss 0.738 val MRR only 0.849 comb 0.854 (λ=0.05) (218s)
  ep 2 batch 20/146 loss 0.390 (247s, ETA this epoch 188s)
  ep 2 batch 40/146 loss 0.385 (276s, ETA this epoch 157s)
  ep 2 batch 60/146 loss 0.568 (305s, ETA this epoch 127s)
  ep 2 batch 80/146 loss 0.399 (334s, ETA this epoch 97s)
  ep 2 batch 100/146 loss 0.443 (363s, ETA this epoch 68s)
  ep 2 batch 120/146 loss 0.484 (391s, ETA this epoch 38s)
  ep 2 batch 140/146 loss 0.499 (420s, ETA this epoch 9s)
[stage2_random_rho1.2_s0] epoch 2: loss 0.459 val MRR only 0.853 comb 0.854 (λ=0.1) (437s)
  ep 3 batch 20/146 loss 0.356 (466s, ETA this epoch 188s)
  ep 3 batch 40/146 loss 0.389 (495s, ETA this epoch 158s)
  ep 3 batch 60/146 loss 0.374 (524s, ETA this epoch 128s)
  ep 3 batch 80/146 loss 0.336 (553s, ETA this epoch 98s)
  ep 3 batch 100/146 loss 0.268 (581s, ETA this epoch 68s)
  ep 3 batch 120/146 loss 0.300 (610s, ETA this epoch 39s)
  ep 3 batch 140/146 loss 0.434 (639s, ETA this epoch 9s)
[stage2_random_rho1.2_s0] epoch 3: loss 0.351 val MRR only 0.852 comb 0.856 (λ=0.5) (656s)
  ep 4 batch 20/146 loss 0.196 (685s, ETA this epoch 189s)
  ep 4 batch 40/146 loss 0.362 (714s, ETA this epoch 158s)
  ep 4 batch 60/146 loss 0.180 (743s, ETA this epoch 128s)
  ep 4 batch 80/146 loss 0.351 (772s, ETA this epoch 98s)
  ep 4 batch 100/146 loss 0.205 (801s, ETA this epoch 68s)
  ep 4 batch 120/146 loss 0.259 (829s, ETA this epoch 39s)
  ep 4 batch 140/146 loss 0.284 (858s, ETA this epoch 9s)
[stage2_random_rho1.2_s0] epoch 4: loss 0.265 val MRR only 0.841 comb 0.856 (λ=0.02) (875s)
  ep 5 batch 20/146 loss 0.149 (904s, ETA this epoch 189s)
  ep 5 batch 40/146 loss 0.181 (933s, ETA this epoch 158s)
  ep 5 batch 60/146 loss 0.222 (962s, ETA this epoch 128s)
  ep 5 batch 80/146 loss 0.218 (991s, ETA this epoch 98s)
  ep 5 batch 100/146 loss 0.175 (1019s, ETA this epoch 69s)
  ep 5 batch 120/146 loss 0.164 (1048s, ETA this epoch 39s)
  ep 5 batch 140/146 loss 0.221 (1077s, ETA this epoch 9s)
[stage2_random_rho1.2_s0] epoch 5: loss 0.198 val MRR only 0.830 comb 0.854 (λ=0.02) (1094s)
  ep 6 batch 20/146 loss 0.108 (1123s, ETA this epoch 189s)
  ep 6 batch 40/146 loss 0.129 (1152s, ETA this epoch 159s)
  ep 6 batch 60/146 loss 0.173 (1181s, ETA this epoch 129s)
  ep 6 batch 80/146 loss 0.135 (1209s, ETA this epoch 99s)
  ep 6 batch 100/146 loss 0.141 (1238s, ETA this epoch 69s)
  ep 6 batch 120/146 loss 0.201 (1267s, ETA this epoch 39s)
  ep 6 batch 140/146 loss 0.127 (1296s, ETA this epoch 9s)
[stage2_random_rho1.2_s0] epoch 6: loss 0.147 val MRR only 0.835 comb 0.855 (λ=0.01) (1313s)
[stage2_random_rho1.2_s0] only: L1: R@1 0.85 R@5 0.96 MRR 0.90 | L2: R@1 0.52 R@5 0.76 MRR 0.61 | L3: R@1 0.87 R@5 0.93 MRR 0.90 | L4: R@1 0.73 R@5 1.00 MRR 0.83 전부@5 0.67 | L5a: R@1 0.90 R@5 1.00 MRR 0.95 | ALL: R@1 0.75 R@5 0.91 MRR 0.82
[stage2_random_rho1.2_s0] comb: L1: R@1 0.93 R@5 1.00 MRR 0.95 | L2: R@1 0.64 R@5 0.88 MRR 0.73 | L3: R@1 0.87 R@5 1.00 MRR 0.90 | L4: R@1 0.87 R@5 1.00 MRR 0.92 전부@5 0.73 | L5a: R@1 1.00 R@5 1.00 MRR 1.00 | ALL: R@1 0.84 R@5 0.97 MRR 0.88
=== M2 DONE 02:12:41
