[커넥톰] 연결 24,539,704개, 누설률 0.1, ridge alpha 0.01
  엔진 34: 203사이클
    사이클 50/203, 1s 경과, 남은 시간 약 2s
    사이클 100/203, 2s 경과, 남은 시간 약 2s
    사이클 150/203, 2s 경과, 남은 시간 약 1s
    사이클 200/203, 3s 경과, 남은 시간 약 0s
    사이클 203/203, 3s 경과, 남은 시간 약 0s
    저장된 상태와 최대 차이 0.00e+00, 마지막 사이클 예측 0.7
  엔진 49: 303사이클
    사이클 50/303, 1s 경과, 남은 시간 약 4s
    사이클 100/303, 1s 경과, 남은 시간 약 3s
    사이클 150/303, 2s 경과, 남은 시간 약 2s
    사이클 200/303, 3s 경과, 남은 시간 약 2s
    사이클 250/303, 4s 경과, 남은 시간 약 1s
    사이클 300/303, 4s 경과, 남은 시간 약 0s
    사이클 303/303, 5s 경과, 남은 시간 약 0s
    저장된 상태와 최대 차이 0.00e+00, 마지막 사이클 예측 7.6
  엔진 93: 244사이클
    사이클 50/244, 1s 경과, 남은 시간 약 3s
    사이클 100/244, 1s 경과, 남은 시간 약 2s
    사이클 150/244, 2s 경과, 남은 시간 약 1s
    사이클 200/244, 3s 경과, 남은 시간 약 1s
    사이클 244/244, 4s 경과, 남은 시간 약 0s
    저장된 상태와 최대 차이 0.00e+00, 마지막 사이클 예측 68.1
[무작위 망] 연결 24,912,077개, 누설률 0.1, ridge alpha 0.1
  엔진 34: 203사이클
    사이클 50/203, 1s 경과, 남은 시간 약 2s
    사이클 100/203, 1s 경과, 남은 시간 약 2s
    사이클 150/203, 2s 경과, 남은 시간 약 1s
    사이클 200/203, 3s 경과, 남은 시간 약 0s
    사이클 203/203, 3s 경과, 남은 시간 약 0s
    저장된 상태와 최대 차이 0.00e+00, 마지막 사이클 예측 2.3
  엔진 49: 303사이클
    사이클 50/303, 1s 경과, 남은 시간 약 4s
    사이클 100/303, 1s 경과, 남은 시간 약 3s
    사이클 150/303, 2s 경과, 남은 시간 약 2s
    사이클 200/303, 3s 경과, 남은 시간 약 2s
    사이클 250/303, 4s 경과, 남은 시간 약 1s
    사이클 300/303, 4s 경과, 남은 시간 약 0s
    사이클 303/303, 4s 경과, 남은 시간 약 0s
    저장된 상태와 최대 차이 0.00e+00, 마지막 사이클 예측 36.3
  엔진 93: 244사이클
    사이클 50/244, 1s 경과, 남은 시간 약 3s
    사이클 100/244, 1s 경과, 남은 시간 약 2s
    사이클 150/244, 2s 경과, 남은 시간 약 1s
    사이클 200/244, 3s 경과, 남은 시간 약 1s
    사이클 244/244, 4s 경과, 남은 시간 약 0s
    저장된 상태와 최대 차이 0.00e+00, 마지막 사이클 예측 78.1
[배선 섞은 망] 연결 24,467,455개, 누설률 0.5, ridge alpha 1
  엔진 34: 203사이클
    사이클 50/203, 1s 경과, 남은 시간 약 2s
    사이클 100/203, 2s 경과, 남은 시간 약 2s
    사이클 150/203, 2s 경과, 남은 시간 약 1s
    사이클 200/203, 3s 경과, 남은 시간 약 0s
    사이클 203/203, 3s 경과, 남은 시간 약 0s
    저장된 상태와 최대 차이 0.00e+00, 마지막 사이클 예측 6.9
  엔진 49: 303사이클
    사이클 50/303, 1s 경과, 남은 시간 약 4s
    사이클 100/303, 1s 경과, 남은 시간 약 3s
    사이클 150/303, 2s 경과, 남은 시간 약 2s
    사이클 200/303, 3s 경과, 남은 시간 약 2s
    사이클 250/303, 4s 경과, 남은 시간 약 1s
    사이클 300/303, 5s 경과, 남은 시간 약 0s
    사이클 303/303, 5s 경과, 남은 시간 약 0s
    저장된 상태와 최대 차이 0.00e+00, 마지막 사이클 예측 21.4
  엔진 93: 244사이클
    사이클 50/244, 1s 경과, 남은 시간 약 3s
    사이클 100/244, 2s 경과, 남은 시간 약 2s
    사이클 150/244, 2s 경과, 남은 시간 약 1s
    사이클 200/244, 3s 경과, 남은 시간 약 1s
    사이클 244/244, 4s 경과, 남은 시간 약 0s
    저장된 상태와 최대 차이 0.00e+00, 마지막 사이클 예측 57.8

엔진별 마지막 사이클 예측(시험 점수에 쓰는 값)
| 엔진 | 사이클 | 실제 | 커넥톰 | 무작위 망 | 배선 섞은 망 |
|---|---|---|---|---|---|
| 34 | 203 | 7 | 0.7 | 2.3 | 6.9 |
| 49 | 303 | 21 | 7.6 | 36.3 | 21.4 |
| 93 | 244 | 85 | 68.1 | 78.1 | 57.8 |

저장: results/cmapss/simulate/engines_34_49_93.json, results/cmapss/figures/simulate_engines_34_49_93.png
