tree: 353 laws, in scope: 64
  1/64 학칙 (3s, ETA 188s)
  2/64 학칙시행세칙 (5s, ETA 165s)
  3/64 학칙(산업대) (8s, ETA 154s)
  4/64 학칙시행세칙(산업대) (10s, ETA 147s)
  5/64 대학원통합학칙 (12s, ETA 147s)
  6/64 일반대학원 학칙시행세칙 (15s, ETA 143s)
  7/64 융합기술에너지대학원 학칙시행세칙 (18s, ETA 145s)
  8/64 AI융합탄소중립전문대학원 학칙시행세칙 (20s, ETA 140s)
  9/64 산업기술경영대학원 학칙시행세칙 (23s, ETA 139s)
  10/64 계약학과 운영규정 (25s, ETA 135s)
  11/64 교내 인증제 운영 및 관리 규정 (27s, ETA 132s)
  12/64 교원 책임시수 및 강의료 지급에 관한 규정 (30s, ETA 129s)
  13/64 교육과정 편성 및 운영규정 (32s, ETA 126s)
  14/64 교육편제단위 개편 및 정원 조정에 관한 규정 (34s, ETA 122s)
  15/64 국내외 타대학 취득학점 인정에 관한 규정 (37s, ETA 120s)
  16/64 마이크로디그리과정 운영에 관한 규정 (39s, ETA 117s)
  17/64 명예학사 학위수여규정 (41s, ETA 114s)
  18/64 반도체소부장 혁신융합대학 학사 운영규정 (44s, ETA 112s)
  19/64 비교과 교육과정 운영 규정 (46s, ETA 109s)
  20/64 수업만족도 평가에 관한 규정 (49s, ETA 107s)
  21/64 수업운영에 관한 규정 (51s, ETA 104s)
  22/64 사회봉사 교과목 운영에 관한 규정 (53s, ETA 102s)
  23/64 시험관리에 관한 규정 (56s, ETA 99s)
  24/64 원격수업 운영에 관한 규정 (58s, ETA 96s)
  25/64 유학생 전담 학부 운영에 관한 규정 (60s, ETA 94s)
  26/64 융합전공 운영에 관한 규정 (62s, ETA 91s)
  27/64 일학습병행제 도제식 현장교육훈련 교과 운영에 관한 규정 (65s, ETA 89s)
  28/64 자기설계전공 운영에 관한 규정 (67s, ETA 86s)
  29/64 재직자 특별과정 운영에 관한 규정 (69s, ETA 84s)
  30/64 전공자율선택제의 학과 또는 전공 선택에 관한 규정 (72s, ETA 81s)
  31/64 전공트랙 운영에 관한 규정 (74s, ETA 79s)
  32/64 조기취업형 현장훈련 교과 운영에 관한 규정 (77s, ETA 77s)
  33/64 조기 취창업자 출석 및 학점인정 특례규정 (79s, ETA 74s)
  34/64 주문식 교육과정 운영에 관한 규정 (81s, ETA 71s)
  35/64 캡스톤디자인 운영에 관한 규정 (84s, ETA 69s)
  36/64 학사경고자 관리 및 지원에 관한 규정 (86s, ETA 67s)
  37/64 학사학위 취득 유예에 관한 규정 (88s, ETA 64s)
  38/64 학생 학습역량 강화 지원규정 (90s, ETA 62s)
  39/64 학습경험 학점인정에 관한 규정 (93s, ETA 59s)
  40/64 현장실무 교과 운영에 관한 규정 (95s, ETA 57s)
  41/64 반도체특성화대학 복수·공동학위제도 운영 규정 (97s, ETA 55s)
  42/64 일반대학원 학위수여규정 (100s, ETA 52s)
  43/64 융합기술에너지대학원 학위수여규정 (102s, ETA 50s)
  44/64 AI융합탄소중립전문대학원 학위수여규정 (104s, ETA 47s)
  45/64 산업기술경영대학원 학위수여규정 (107s, ETA 45s)
  46/64 학연 협동과정 운영규정 (109s, ETA 43s)
  47/64 대학원 외국인 학생 운영규정 (111s, ETA 40s)
  48/64 대학원생 권리장전 (114s, ETA 38s)
  49/64 대학원 자체평가 규정 (116s, ETA 36s)
  50/64 학석사연계과정 시행세칙 (118s, ETA 33s)
  51/64 석박사통합과정 운영규정 (121s, ETA 31s)
  52/64 전문연구요원 관리 운영규정 (123s, ETA 28s)
  53/64 학생활동에 관한 규정 (125s, ETA 26s)
  54/64 장애학생 지원에 관한 규정 (127s, ETA 24s)
  55/64 생활관 운영규정 (130s, ETA 21s)
  56/64 학생 경력개발 및 취업창업 지원 규정 (132s, ETA 19s)
  57/64 학생상담운영규정 (134s, ETA 16s)
  58/64 지도교수제 운영규정 (136s, ETA 14s)
  59/64 소수집단학생 지원규정 (138s, ETA 12s)
  60/64 학생단체활동 안전관리규정 (140s, ETA 9s)
  61/64 사회봉사활동 운영규정 (143s, ETA 7s)
  62/64 장학규정 (145s, ETA 5s)
  63/64 국가장학금 운영규정 (147s, ETA 2s)
  64/64 외국인 유학생 지원 및 관리에 관한 규정 (150s, ETA 0s)
saved 64 regulations to /Users/hyeokju1313/Desktop/2026-2/AI+X/data/regulations/raw
